
> my-app@0.1.0 build
> next build

  Ôû▓ Next.js 14.2.22

   Creating an optimized production build ...
 Ô£ô Compiled successfully
   Linting and checking validity of types ...
   Collecting page data ...
   Generating static pages (0/12) ...
   Generating static pages (3/12) 
   Generating static pages (6/12) 
   Generating static pages (9/12) 
 Ô£ô Generating static pages (12/12)
   Finalizing page optimization ...
   Collecting build traces ...

Route (app)                              Size     First Load JS
Ôöî Ôùï /                                    62.8 kB         253 kB
Ôö£ Ôùï /_not-found                          873 B          88.1 kB
Ôö£ Ôùï /chi-sono                            2.81 kB         138 kB
Ôö£ Ôùï /contatti                            185 B           176 kB
Ôö£ Ôùï /faq                                 4.44 kB         135 kB
Ôö£ Ôùï /prezzi                              1.26 kB        88.5 kB
Ôö£ Ôùï /robots.txt                          0 B                0 B
Ôö£ ãÆ /servizi                             177 B           176 kB
Ôöö Ôùï /sitemap.xml                         0 B                0 B
+ First Load JS shared by all            87.2 kB
  Ôö£ chunks/117-819a4022479e1e13.js       31.6 kB
  Ôö£ chunks/fd9d1056-ee556f29eb0180a0.js  53.6 kB
  Ôöö other shared chunks (total)          1.99 kB


Ôùï  (Static)   prerendered as static content
ãÆ  (Dynamic)  server-rendered on demand

